seed=0 rep=0: OK score=1.000
seed=0 rep=1: X score=0.973
seed=0 rep=2: OK score=1.000
seed=0 rep=3: OK score=1.000
seed=0 rep=4: OK score=1.000
seed=0 rep=5: X score=0.973
seed=0 rep=6: X score=0.973
seed=0 rep=7: OK score=1.000
seed=1 rep=0: OK score=0.971
seed=1 rep=1: X score=0.941
seed=1 rep=2: X score=0.941
seed=1 rep=3: OK score=0.971
seed=1 rep=4: X score=0.941
seed=1 rep=5: X score=0.882
seed=1 rep=6: OK score=0.941
seed=1 rep=7: OK score=0.912
seed=2 rep=0: OK score=0.909
seed=2 rep=1: X score=0.909
seed=2 rep=2: OK score=0.879
seed=2 rep=3: OK score=0.970
seed=2 rep=4: OK score=0.879
seed=2 rep=5: OK score=0.970
seed=2 rep=6: OK score=0.909
seed=2 rep=7: OK score=0.970

RUIDO DENTRO DE CADA SEED (mismo escenario, distintas tiradas)
  seed 0: 5/8 =  62%  IC95 31-86%  OK X OK OK OK X X OK
  seed 1: 4/8 =  50%  IC95 22-78%  OK X X OK X X OK OK
  seed 2: 7/8 =  88%  IC95 53-98%  OK X OK OK OK OK OK OK

  tasa media entre seeds: 67%
  dispersion ENTRE seeds : 38 puntos

Si la dispersion entre seeds es del orden del ancho de los IC de cada seed,
las seeds no aportan informacion propia: comparar condiciones con seeds
distintas mide ruido de muestreo, no efecto.
